
> @workspace/kineticad@0.0.0 build /Users/amb/Documents/New project/KinetiCAD-review-20260911/artifacts/kineticad
> vite build --config vite.config.ts

vite v7.3.2 building client environment for production...
transforming...
src/components/ui/sonner.tsx (2:0): Error when using sourcemap for reporting an error: Can't resolve original location of error.
src/components/ui/tooltip.tsx (2:0): Error when using sourcemap for reporting an error: Can't resolve original location of error.
src/components/ui/dropdown-menu.tsx (2:0): Error when using sourcemap for reporting an error: Can't resolve original location of error.
✓ 1879 modules transformed.
rendering chunks...
computing gzip size...
dist/public/index.html                                     3.20 kB │ gzip:   1.41 kB
dist/public/assets/cadWorker-CypAzkRG.js                 278.51 kB
dist/public/assets/engineeringBenchWorker-BXJ-vM4z.js  2,061.22 kB
dist/public/assets/physicsWorker-BnJRfoKq.js           2,074.55 kB
dist/public/assets/index-B0X11Yw_.css                    111.88 kB │ gzip:  18.68 kB
dist/public/assets/cadClient-BJk0I7er.js                   0.60 kB │ gzip:   0.40 kB
dist/public/assets/poseMeasurements-ClW6XZJa.js            1.46 kB │ gzip:   0.74 kB
dist/public/assets/comlink-B-Reqr3X.js                     3.97 kB │ gzip:   1.77 kB
dist/public/assets/BeamAnalysisPanel-lJIqaki4.js           9.63 kB │ gzip:   3.89 kB
dist/public/assets/Simulator-vBCx0CLS.js                  35.83 kB │ gzip:  11.46 kB
dist/public/assets/Modeller-BNcOWJ6Z.js                  154.72 kB │ gzip:  40.89 kB
dist/public/assets/partMeshLayerRef-CVNatK78.js          196.36 kB │ gzip:  51.31 kB
dist/public/assets/index-DE_vz6A-.js                     421.23 kB │ gzip: 127.93 kB
dist/public/assets/Scene-D0opNflh.js                     669.80 kB │ gzip: 190.01 kB

(!) Some chunks are larger than 500 kB after minification. Consider:
- Using dynamic import() to code-split the application
- Use build.rollupOptions.output.manualChunks to improve chunking: https://rollupjs.org/configuration-options/#output-manualchunks
- Adjust chunk size limit for this warning via build.chunkSizeWarningLimit.
✓ built in 4.75s
