
> workspace@0.0.0 build /Users/amb/Documents/New project/KinetiCAD-review-20260911
> pnpm run typecheck && pnpm -r --if-present run build


> workspace@0.0.0 typecheck /Users/amb/Documents/New project/KinetiCAD-review-20260911
> pnpm run typecheck:libs && pnpm -r --filter "./artifacts/**" --filter "./scripts" --if-present run typecheck


> workspace@0.0.0 typecheck:libs /Users/amb/Documents/New project/KinetiCAD-review-20260911
> tsc --build

Scope: 5 of 10 workspace projects
artifacts/api-server typecheck$ tsc -p tsconfig.json --noEmit
artifacts/kineticad typecheck$ tsc -p tsconfig.json --noEmit
artifacts/landing typecheck$ tsc -p tsconfig.json --noEmit
artifacts/mockup-sandbox typecheck$ tsc -p tsconfig.json --noEmit
artifacts/api-server typecheck: Done
scripts typecheck$ tsc -p tsconfig.json --noEmit
scripts typecheck: Done
artifacts/mockup-sandbox typecheck: Done
artifacts/landing typecheck: Done
artifacts/kineticad typecheck: Done
Scope: 9 of 10 workspace projects
artifacts/mockup-sandbox build$ vite build
artifacts/mockup-sandbox build: vite v7.3.2 building client environment for production...
artifacts/mockup-sandbox build: transforming...
artifacts/mockup-sandbox build: ✓ 30 modules transformed.
artifacts/mockup-sandbox build: rendering chunks...
artifacts/mockup-sandbox build: computing gzip size...
artifacts/mockup-sandbox build: dist/index.html                   4.43 kB │ gzip:  1.24 kB
artifacts/mockup-sandbox build: dist/assets/index-BhVw-XfD.css   89.70 kB │ gzip: 14.89 kB
artifacts/mockup-sandbox build: dist/assets/index-erVC02Ve.js   187.72 kB │ gzip: 59.46 kB
artifacts/mockup-sandbox build: ✓ built in 1.17s
artifacts/mockup-sandbox build: Done
artifacts/api-server build$ node ./build.mjs
artifacts/landing build$ vite build --config vite.config.ts
artifacts/kineticad build$ vite build --config vite.config.ts
artifacts/api-server build:   dist/index.mjs                       1.4mb ⚠️
artifacts/api-server build:   dist/pino-worker.mjs               153.5kb
artifacts/api-server build:   dist/pino-file.mjs                 142.1kb
artifacts/api-server build:   dist/pino-pretty.mjs               114.6kb
artifacts/api-server build:   dist/thread-stream-worker.mjs        7.3kb
artifacts/api-server build:   dist/index.mjs.map                   2.1mb
artifacts/api-server build:   dist/pino-worker.mjs.map           256.9kb
artifacts/api-server build:   dist/pino-file.mjs.map             229.1kb
artifacts/api-server build:   dist/pino-pretty.mjs.map           203.9kb
artifacts/api-server build:   dist/thread-stream-worker.mjs.map   12.0kb
artifacts/api-server build: ⚡ Done in 311ms
artifacts/api-server build: Done
artifacts/landing build: vite v7.3.2 building client environment for production...
artifacts/kineticad build: vite v7.3.2 building client environment for production...
artifacts/kineticad build: transforming...
artifacts/landing build: transforming...
artifacts/kineticad build: src/components/ui/sonner.tsx (2:0): Error when using sourcemap for reporting an error: Can't resolve original location of error.
artifacts/landing build: ✓ 47 modules transformed.
artifacts/kineticad build: src/components/ui/tooltip.tsx (2:0): Error when using sourcemap for reporting an error: Can't resolve original location of error.
artifacts/landing build: rendering chunks...
artifacts/landing build: computing gzip size...
artifacts/landing build: dist/public/index.html                   3.15 kB │ gzip:  1.09 kB
artifacts/landing build: dist/public/assets/index-CrOJUb1b.css   61.35 kB │ gzip: 10.86 kB
artifacts/landing build: dist/public/assets/index-DILZ48pX.js   220.82 kB │ gzip: 68.27 kB
artifacts/landing build: ✓ built in 1.53s
artifacts/landing build: Done
artifacts/kineticad build: src/components/ui/dropdown-menu.tsx (2:0): Error when using sourcemap for reporting an error: Can't resolve original location of error.
artifacts/kineticad build: ✓ 1879 modules transformed.
artifacts/kineticad build: rendering chunks...
artifacts/kineticad build: computing gzip size...
artifacts/kineticad build: dist/public/index.html                                     3.20 kB │ gzip:   1.40 kB
artifacts/kineticad build: dist/public/assets/cadWorker-CypAzkRG.js                 278.51 kB
artifacts/kineticad build: dist/public/assets/engineeringBenchWorker-BXJ-vM4z.js  2,061.22 kB
artifacts/kineticad build: dist/public/assets/physicsWorker-BnJRfoKq.js           2,074.55 kB
artifacts/kineticad build: dist/public/assets/index-B0X11Yw_.css                    111.88 kB │ gzip:  18.68 kB
artifacts/kineticad build: dist/public/assets/cadClient-BJk0I7er.js                   0.60 kB │ gzip:   0.40 kB
artifacts/kineticad build: dist/public/assets/poseMeasurements-D_-JzH4g.js            1.46 kB │ gzip:   0.74 kB
artifacts/kineticad build: dist/public/assets/comlink-B-Reqr3X.js                     3.97 kB │ gzip:   1.77 kB
artifacts/kineticad build: dist/public/assets/BeamAnalysisPanel-BtpaSPu4.js           9.63 kB │ gzip:   3.89 kB
artifacts/kineticad build: dist/public/assets/Simulator-LbKp58wb.js                  35.81 kB │ gzip:  11.44 kB
artifacts/kineticad build: dist/public/assets/Modeller-5fYGiTXg.js                  154.72 kB │ gzip:  40.89 kB
artifacts/kineticad build: dist/public/assets/partMeshLayerRef-CVNatK78.js          196.36 kB │ gzip:  51.31 kB
artifacts/kineticad build: dist/public/assets/index-CvpffoUg.js                     421.23 kB │ gzip: 127.92 kB
artifacts/kineticad build: dist/public/assets/Scene-Dng_hG0Y.js                     669.80 kB │ gzip: 190.01 kB
artifacts/kineticad build: (!) Some chunks are larger than 500 kB after minification. Consider:
artifacts/kineticad build: - Using dynamic import() to code-split the application
artifacts/kineticad build: - Use build.rollupOptions.output.manualChunks to improve chunking: https://rollupjs.org/configuration-options/#output-manualchunks
artifacts/kineticad build: - Adjust chunk size limit for this warning via build.chunkSizeWarningLimit.
artifacts/kineticad build: ✓ built in 5.65s
artifacts/kineticad build: Done
